---
source: quic/s2n-quic-core/src/frame/mod.rs
expression: frames
---
[
    HandshakeDone(
        HandshakeDone,
    ),
]
