---
source: quic/s2n-quic-core/src/frame/mod.rs
expression: frames
---
[
    DataBlocked(
        DataBlocked {
            data_limit: VarInt(
                1,
            ),
        },
    ),
]
